// Jest Snapshot v1, https://goo.gl/fbAQLP

exports[`Ajax: get should return users 1`] = `
[MockFunction] {
  "calls": [
    [
      "https://jsonplaceholder.typicode.com/users",
    ],
  ],
  "results": [
    {
      "type": "return",
      "value": undefined,
    },
  ],
}
`;
